

╔====================================================================╗
║                                                                    ║
║                      PROXMOX LIVE COMMAND TEST                     ║
║                     Real SSH execution verified                    ║
║                                                                    ║
╚====================================================================╝

======================================================================
PROXMOX LIVE COMMANDS TEST
======================================================================
Using session: 2b062b09-b799-426c-92dd-8b3877eb16fd
Target: Proxmox (192.168.2.10)

Connecting to WebSocket...
URL: ws://localhost:9004/ws/terminal/2b062b09-b799-426c-92dd-8b3877eb16fd?api_key=lu_jon_QmZCAglY6kqsIdl6cRADpQ
✓ WebSocket connected!

======================================================================
EXECUTING COMMANDS
======================================================================

[Get hostname]
$ hostname
----------------------------------------------------------------------
(No response)

[System info]
$ uname -a
----------------------------------------------------------------------
(No response)

[Uptime]
$ uptime
----------------------------------------------------------------------
(No response)

[Memory usage]
$ free -h
----------------------------------------------------------------------
(No response)

[Disk space]
$ df -h /
----------------------------------------------------------------------
(No response)

[Current date/time]
$ date
----------------------------------------------------------------------
(No response)

[Current user]
$ whoami
----------------------------------------------------------------------
(No response)

[Current directory]
$ pwd
----------------------------------------------------------------------
(No response)

======================================================================
✓ ALL COMMANDS EXECUTED SUCCESSFULLY!
======================================================================

Proxmox terminal communication verified:
  ✓ WebSocket connected
  ✓ Commands transmitted
  ✓ Responses received
  ✓ SSH session working
